
function: greet
positional parameters: none
keyword parameters: none
return: None

function: sum_numbers
positional parameters: [10, 20, 30, 40]
keyword parameters: none
return: 100

function: get_decorator_info
positional parameters: none
keyword parameters: {'test_key': 'test_value'}
return: <function logger_decorator at 0x000001D1A1EA3530>

function: greet
positional parameters: none
keyword parameters: none
return: None

function: sum_numbers
positional parameters: [10, 20, 30, 40]
keyword parameters: none
return: 100

function: get_decorator_info
positional parameters: none
keyword parameters: {'test_key': 'test_value'}
return: None

function: greet
positional parameters: none
keyword parameters: none
return: None

function: p_args
positional parameters: [10, 20, 30, 40]
keyword parameters: none
return: True

function: get_decorator_info
positional parameters: none
keyword parameters: {'test_key': 'test_value'}
return: None

function: greet
positional parameters: none
keyword parameters: none
return: None

function: p_args
positional parameters: [10]
keyword parameters: none
return: True

function: get_decorator_info
positional parameters: none
keyword parameters: {'test_key': 'test_value'}
return: None

function: greet
positional parameters: none
keyword parameters: none
return: None

function: p_args
positional parameters: [10]
keyword parameters: none
return: True

function: get_decorator_info
positional parameters: none
keyword parameters: {'test_key': 'test_value'}
return: None

function: greet
positional parameters: none
keyword parameters: none
return: None

function: p_args
positional parameters: [10, 20, 30, 40]
keyword parameters: none
return: True

function: get_decorator_info
positional parameters: none
keyword parameters: {'test_key': 'test_value'}
return: <function logger_decorator at 0x000002661F383530>
